/projects/aipi0122/CityLearn/citylearn/energy_models.py:532: RuntimeWarning: divide by zero encountered in true_divide
  self.cooling_device.cop_cooling = self.cooling_device.eta_tech*(np.add(self.cooling_device.t_target_cooling,273.15))/np.subtract(self.sim_results['t_out'],self.cooling_device.t_target_cooling)
/projects/aipi0122/CityLearn/citylearn/energy_models.py:532: RuntimeWarning: divide by zero encountered in true_divide
  self.cooling_device.cop_cooling = self.cooling_device.eta_tech*(np.add(self.cooling_device.t_target_cooling,273.15))/np.subtract(self.sim_results['t_out'],self.cooling_device.t_target_cooling)
/projects/aipi0122/CityLearn/citylearn/energy_models.py:532: RuntimeWarning: divide by zero encountered in true_divide
  self.cooling_device.cop_cooling = self.cooling_device.eta_tech*(np.add(self.cooling_device.t_target_cooling,273.15))/np.subtract(self.sim_results['t_out'],self.cooling_device.t_target_cooling)
/projects/aipi0122/CityLearn/citylearn/energy_models.py:532: RuntimeWarning: divide by zero encountered in true_divide
  self.cooling_device.cop_cooling = self.cooling_device.eta_tech*(np.add(self.cooling_device.t_target_cooling,273.15))/np.subtract(self.sim_results['t_out'],self.cooling_device.t_target_cooling)
/projects/aipi0122/CityLearn/citylearn/energy_models.py:532: RuntimeWarning: divide by zero encountered in true_divide
  self.cooling_device.cop_cooling = self.cooling_device.eta_tech*(np.add(self.cooling_device.t_target_cooling,273.15))/np.subtract(self.sim_results['t_out'],self.cooling_device.t_target_cooling)
/projects/aipi0122/CityLearn/citylearn/energy_models.py:532: RuntimeWarning: divide by zero encountered in true_divide
  self.cooling_device.cop_cooling = self.cooling_device.eta_tech*(np.add(self.cooling_device.t_target_cooling,273.15))/np.subtract(self.sim_results['t_out'],self.cooling_device.t_target_cooling)
/projects/aipi0122/CityLearn/citylearn/energy_models.py:532: RuntimeWarning: divide by zero encountered in true_divide
  self.cooling_device.cop_cooling = self.cooling_device.eta_tech*(np.add(self.cooling_device.t_target_cooling,273.15))/np.subtract(self.sim_results['t_out'],self.cooling_device.t_target_cooling)
/projects/aipi0122/CityLearn/citylearn/energy_models.py:532: RuntimeWarning: divide by zero encountered in true_divide
  self.cooling_device.cop_cooling = self.cooling_device.eta_tech*(np.add(self.cooling_device.t_target_cooling,273.15))/np.subtract(self.sim_results['t_out'],self.cooling_device.t_target_cooling)
/projects/aipi0122/CityLearn/citylearn/energy_models.py:532: RuntimeWarning: divide by zero encountered in true_divide
  self.cooling_device.cop_cooling = self.cooling_device.eta_tech*(np.add(self.cooling_device.t_target_cooling,273.15))/np.subtract(self.sim_results['t_out'],self.cooling_device.t_target_cooling)
/projects/aipi0122/CityLearn/citylearn/energy_models.py:532: RuntimeWarning: divide by zero encountered in true_divide
  self.cooling_device.cop_cooling = self.cooling_device.eta_tech*(np.add(self.cooling_device.t_target_cooling,273.15))/np.subtract(self.sim_results['t_out'],self.cooling_device.t_target_cooling)
/projects/aipi0122/CityLearn/citylearn/energy_models.py:532: RuntimeWarning: divide by zero encountered in true_divide
  self.cooling_device.cop_cooling = self.cooling_device.eta_tech*(np.add(self.cooling_device.t_target_cooling,273.15))/np.subtract(self.sim_results['t_out'],self.cooling_device.t_target_cooling)
/projects/aipi0122/CityLearn/citylearn/energy_models.py:532: RuntimeWarning: divide by zero encountered in true_divide
  self.cooling_device.cop_cooling = self.cooling_device.eta_tech*(np.add(self.cooling_device.t_target_cooling,273.15))/np.subtract(self.sim_results['t_out'],self.cooling_device.t_target_cooling)
/projects/aipi0122/CityLearn/citylearn/energy_models.py:532: RuntimeWarning: divide by zero encountered in true_divide
  self.cooling_device.cop_cooling = self.cooling_device.eta_tech*(np.add(self.cooling_device.t_target_cooling,273.15))/np.subtract(self.sim_results['t_out'],self.cooling_device.t_target_cooling)
/projects/aipi0122/CityLearn/citylearn/energy_models.py:532: RuntimeWarning: divide by zero encountered in true_divide
  self.cooling_device.cop_cooling = self.cooling_device.eta_tech*(np.add(self.cooling_device.t_target_cooling,273.15))/np.subtract(self.sim_results['t_out'],self.cooling_device.t_target_cooling)
/projects/aipi0122/CityLearn/citylearn/energy_models.py:532: RuntimeWarning: divide by zero encountered in true_divide
  self.cooling_device.cop_cooling = self.cooling_device.eta_tech*(np.add(self.cooling_device.t_target_cooling,273.15))/np.subtract(self.sim_results['t_out'],self.cooling_device.t_target_cooling)
/projects/aipi0122/CityLearn/citylearn/energy_models.py:532: RuntimeWarning: divide by zero encountered in true_divide
  self.cooling_device.cop_cooling = self.cooling_device.eta_tech*(np.add(self.cooling_device.t_target_cooling,273.15))/np.subtract(self.sim_results['t_out'],self.cooling_device.t_target_cooling)
/projects/aipi0122/CityLearn/citylearn/energy_models.py:532: RuntimeWarning: divide by zero encountered in true_divide
  self.cooling_device.cop_cooling = self.cooling_device.eta_tech*(np.add(self.cooling_device.t_target_cooling,273.15))/np.subtract(self.sim_results['t_out'],self.cooling_device.t_target_cooling)
/projects/aipi0122/CityLearn/citylearn/energy_models.py:532: RuntimeWarning: divide by zero encountered in true_divide
  self.cooling_device.cop_cooling = self.cooling_device.eta_tech*(np.add(self.cooling_device.t_target_cooling,273.15))/np.subtract(self.sim_results['t_out'],self.cooling_device.t_target_cooling)
/projects/aipi0122/CityLearn/citylearn/energy_models.py:532: RuntimeWarning: divide by zero encountered in true_divide
  self.cooling_device.cop_cooling = self.cooling_device.eta_tech*(np.add(self.cooling_device.t_target_cooling,273.15))/np.subtract(self.sim_results['t_out'],self.cooling_device.t_target_cooling)
/projects/aipi0122/CityLearn/citylearn/energy_models.py:532: RuntimeWarning: divide by zero encountered in true_divide
  self.cooling_device.cop_cooling = self.cooling_device.eta_tech*(np.add(self.cooling_device.t_target_cooling,273.15))/np.subtract(self.sim_results['t_out'],self.cooling_device.t_target_cooling)
/projects/aipi0122/CityLearn/citylearn/energy_models.py:532: RuntimeWarning: divide by zero encountered in true_divide
  self.cooling_device.cop_cooling = self.cooling_device.eta_tech*(np.add(self.cooling_device.t_target_cooling,273.15))/np.subtract(self.sim_results['t_out'],self.cooling_device.t_target_cooling)
/projects/aipi0122/CityLearn/citylearn/energy_models.py:532: RuntimeWarning: divide by zero encountered in true_divide
  self.cooling_device.cop_cooling = self.cooling_device.eta_tech*(np.add(self.cooling_device.t_target_cooling,273.15))/np.subtract(self.sim_results['t_out'],self.cooling_device.t_target_cooling)
/projects/aipi0122/CityLearn/citylearn/energy_models.py:532: RuntimeWarning: divide by zero encountered in true_divide
  self.cooling_device.cop_cooling = self.cooling_device.eta_tech*(np.add(self.cooling_device.t_target_cooling,273.15))/np.subtract(self.sim_results['t_out'],self.cooling_device.t_target_cooling)
/projects/aipi0122/CityLearn/citylearn/energy_models.py:532: RuntimeWarning: divide by zero encountered in true_divide
  self.cooling_device.cop_cooling = self.cooling_device.eta_tech*(np.add(self.cooling_device.t_target_cooling,273.15))/np.subtract(self.sim_results['t_out'],self.cooling_device.t_target_cooling)
/projects/aipi0122/CityLearn/citylearn/energy_models.py:532: RuntimeWarning: divide by zero encountered in true_divide
  self.cooling_device.cop_cooling = self.cooling_device.eta_tech*(np.add(self.cooling_device.t_target_cooling,273.15))/np.subtract(self.sim_results['t_out'],self.cooling_device.t_target_cooling)
/projects/aipi0122/CityLearn/citylearn/energy_models.py:532: RuntimeWarning: divide by zero encountered in true_divide
  self.cooling_device.cop_cooling = self.cooling_device.eta_tech*(np.add(self.cooling_device.t_target_cooling,273.15))/np.subtract(self.sim_results['t_out'],self.cooling_device.t_target_cooling)
/projects/aipi0122/CityLearn/citylearn/energy_models.py:532: RuntimeWarning: divide by zero encountered in true_divide
  self.cooling_device.cop_cooling = self.cooling_device.eta_tech*(np.add(self.cooling_device.t_target_cooling,273.15))/np.subtract(self.sim_results['t_out'],self.cooling_device.t_target_cooling)
/projects/aipi0122/CityLearn/citylearn/energy_models.py:532: RuntimeWarning: divide by zero encountered in true_divide
  self.cooling_device.cop_cooling = self.cooling_device.eta_tech*(np.add(self.cooling_device.t_target_cooling,273.15))/np.subtract(self.sim_results['t_out'],self.cooling_device.t_target_cooling)
/projects/aipi0122/CityLearn/citylearn/energy_models.py:532: RuntimeWarning: divide by zero encountered in true_divide
  self.cooling_device.cop_cooling = self.cooling_device.eta_tech*(np.add(self.cooling_device.t_target_cooling,273.15))/np.subtract(self.sim_results['t_out'],self.cooling_device.t_target_cooling)
/projects/aipi0122/CityLearn/citylearn/energy_models.py:532: RuntimeWarning: divide by zero encountered in true_divide
  self.cooling_device.cop_cooling = self.cooling_device.eta_tech*(np.add(self.cooling_device.t_target_cooling,273.15))/np.subtract(self.sim_results['t_out'],self.cooling_device.t_target_cooling)
/projects/aipi0122/CityLearn/citylearn/energy_models.py:532: RuntimeWarning: divide by zero encountered in true_divide
  self.cooling_device.cop_cooling = self.cooling_device.eta_tech*(np.add(self.cooling_device.t_target_cooling,273.15))/np.subtract(self.sim_results['t_out'],self.cooling_device.t_target_cooling)
/projects/aipi0122/CityLearn/citylearn/energy_models.py:532: RuntimeWarning: divide by zero encountered in true_divide
  self.cooling_device.cop_cooling = self.cooling_device.eta_tech*(np.add(self.cooling_device.t_target_cooling,273.15))/np.subtract(self.sim_results['t_out'],self.cooling_device.t_target_cooling)
padding action/observation spaces...
creating pettingzoo env...
stacking vec env...
